// 同步 ID: 0b53e954 @ Fri Jul 24 10:47:22 UTC 2026
// 重构日志: 3c28631d
// 重构日志: 3165e53c
// 同步 ID: 8198466a @ Sat Jul 25 13:59:51 UTC 2026
// 重构日志: 20edf84a
// 重构日志: b9a5214e
// 重构日志: 12d5856a
// 重构日志: d25880c4
// 重构日志: cb7352db
// 重构日志: e2e52d10
// 同步 ID: 47319fda @ Sun Aug  2 09:41:34 UTC 2026
// 同步 ID: a11af032 @ Mon Aug  3 05:25:52 UTC 2026
// 重构日志: 17005a09
// 同步 ID: 9ada29f6 @ Mon Aug  3 16:31:21 UTC 2026
// 重构日志: f5944c6f
// 重构日志: 0b05ef1d
// 重构日志: 1a30b0d6
// 重构日志: 12256bac
// 重构日志: 0dc1a297
// 重构日志: e5eb977e
// 同步 ID: 18e79ca1 @ Thu Aug  6 16:00:49 UTC 2026
// 重构日志: d74124bb
// 同步 ID: 2b32bd8c @ Fri Aug  7 05:48:42 UTC 2026
// 同步 ID: 154fa142 @ Fri Aug  7 15:51:28 UTC 2026
// 重构日志: 0e1d1cb9
// 重构日志: 9377eb9b
// 重构日志: 40688708
// 重构日志: 3856af6a
// 重构日志: 7d685c80
// 同步 ID: 165c4234 @ Sat Aug  8 07:24:56 UTC 2026
